[simplest-task-327740.framer.app/index.html]
[backblue.gif]
[fade.gif]
[index.html]
[framerusercontent.com/sites/pap68Y9jCCNkrXemrO5NT/searchIndex-AEZqZwkWpDPl.json]
[framerusercontent.com/sites/icons/default-favicon.v3.png]
[framerusercontent.com/sites/pap68Y9jCCNkrXemrO5NT/chunk-ELYU6EKT.mjs]
[framerusercontent.com/sites/pap68Y9jCCNkrXemrO5NT/chunk-5THDIQFE.mjs]
[framerusercontent.com/sites/pap68Y9jCCNkrXemrO5NT/BTK8JQpk5O4TUzXIn7y1JHiOuRw6IRis0gYYrxVpLRc.PKM5KVOH.mjs]
[framerusercontent.com/sites/pap68Y9jCCNkrXemrO5NT/chunk-Z5ZCJLT2.mjs]
[framerusercontent.com/sites/pap68Y9jCCNkrXemrO5NT/chunk-E4CONL2Q.mjs]
[framerusercontent.com/sites/pap68Y9jCCNkrXemrO5NT/chunk-E4TLCME6.mjs]
[framerusercontent.com/sites/pap68Y9jCCNkrXemrO5NT/chunk-42U43NKG.mjs]
[framerusercontent.com/sites/pap68Y9jCCNkrXemrO5NT/script_main.H5YV6K3E.mjs]
[fonts.gstatic.com/s/inter/v18/UcC73FwrK3iLTeHuS_nVMrMxCp50SjIa2JL7SUc.woff2]
[events.framer.com/script]
[framerusercontent.com/images/7SRml9Jj4HlzN6f510lCXThcZE.jpg]
[framerusercontent.com/images/6KM7BNMK30CHgQ3IjZH7cBcfc9ae5.jpg]
[simplest-task-327740.framer.app/input.html]
[framerusercontent.com/images/WPZGhdXH0dYOo5SBPi1eFMyk1obf23.jpg]
[framerusercontent.com/images/S4brlvA5g3h1FAbXIp666pAOKggbf23.jpg]
[simplest-task-327740.framer.app/index.html]
[fonts.gstatic.com/index.html]
[framerusercontent.com/sites/pap68Y9jCCNkrXemrO5NT/zcAwi_dyNsIMzV2FhmI4g5sNdrArom-Fwe-4TKyfeaM.F55SDPTS.mjs]
[framerusercontent.com/sites/pap68Y9jCCNkrXemrO5NT/chunk-6QLYMXLL.mjs]
[simplest-task-327740.framer.app/input.html]
[simplest-task-327740.framer.app/result.html]
[framerusercontent.com/sites/pap68Y9jCCNkrXemrO5NT/toylfc0GZ-Bpu5JrDd0C8ZzK-TecsyRstTx894K9Jb8.W4NILFN4.mjs]
[framerusercontent.com/sites/pap68Y9jCCNkrXemrO5NT/chunk-YD6PYECA.mjs]
[simplest-task-327740.framer.app/result.html]
